<area shape="rect" href="$classGtk_1_1Menu__Helpers_1_1CheckMenuElem.html" title="Gtk::Menu_Helpers::CheckMenuElem" alt="" coords="244,5,484,32">
<area shape="rect" href="$classGtk_1_1Menu__Helpers_1_1ImageMenuElem.html" title="Gtk::Menu_Helpers::ImageMenuElem" alt="" coords="244,56,484,83">
<area shape="rect" href="$classGtk_1_1Menu__Helpers_1_1MenuElem.html" title="Use this class and its subclasses to build menu items." alt="" coords="263,107,465,133">
<area shape="rect" href="$classGtk_1_1Menu__Helpers_1_1RadioMenuElem.html" title="Gtk::Menu_Helpers::RadioMenuElem" alt="" coords="247,157,481,184">
<area shape="rect" href="$classGtk_1_1Menu__Helpers_1_1SeparatorElem.html" title="Gtk::Menu_Helpers::SeparatorElem" alt="" coords="251,208,477,235">
<area shape="rect" href="$classGtk_1_1Menu__Helpers_1_1StockMenuElem.html" title="Gtk::Menu_Helpers::StockMenuElem" alt="" coords="245,259,483,285">
<area shape="rect" href="$classGtk_1_1Menu__Helpers_1_1TearoffMenuElem.html" title="Gtk::Menu_Helpers::TearoffMenuElem" alt="" coords="243,309,485,336">
