<area shape="rect" href="pangomm_doxygen_tags$classPango_1_1Attribute.html" title="Pango::Attribute" alt="" coords="7,157,121,184">
<area shape="rect" href="pangomm_doxygen_tags$classPango_1_1AttrColor.html" title="Pango::AttrColor" alt="" coords="184,5,301,32">
<area shape="rect" href="pangomm_doxygen_tags$classPango_1_1AttrFloat.html" title="Pango::AttrFloat" alt="" coords="185,56,300,83">
<area shape="rect" href="pangomm_doxygen_tags$classPango_1_1AttrFontDesc.html" title="Pango::AttrFontDesc" alt="" coords="171,107,315,133">
<area shape="rect" href="pangomm_doxygen_tags$classPango_1_1AttrInt.html" title="Pango::AttrInt" alt="" coords="192,157,293,184">
<area shape="rect" href="pangomm_doxygen_tags$classPango_1_1AttrLanguage.html" title="Pango::AttrLanguage" alt="" coords="171,208,315,235">
<area shape="rect" href="pangomm_doxygen_tags$classPango_1_1AttrShape.html" title="Pango::AttrShape" alt="" coords="181,259,304,285">
<area shape="rect" href="pangomm_doxygen_tags$classPango_1_1AttrString.html" title="Pango::AttrString" alt="" coords="183,309,303,336">
