<area shape="rect" href="$classPango_1_1AttrColor.html" title="A Pango::AttrColor is used to represent an attribute which is a color." alt="" coords="184,6,301,30">
<area shape="rect" href="$classPango_1_1AttrFloat.html" title="A Pango::AttrFloat is used to represent an attribute with a float or double value..." alt="" coords="185,54,300,78">
<area shape="rect" href="$classPango_1_1AttrFontDesc.html" title="A Pango::AttrFontDesc is used to represent an attribute that sets all aspects of..." alt="" coords="171,102,315,126">
<area shape="rect" href="$classPango_1_1AttrInt.html" title="A Pango::AttrInt is used to represent an attribute with an integer or enumeration..." alt="" coords="192,150,293,174">
<area shape="rect" href="$classPango_1_1AttrLanguage.html" title="A Pango::AttrLanguage is used to represent an attribute that is a language." alt="" coords="171,198,315,222">
<area shape="rect" href="$classPango_1_1AttrShape.html" title="A Pango::AttrShape structure is used to represent an attribute which imposes shape..." alt="" coords="181,246,304,270">
<area shape="rect" href="$classPango_1_1AttrString.html" title="A Pango::AttrString is used to represent an attribute with a string value." alt="" coords="183,294,303,318">
