<area shape="rect" href="glibmm_doxygen_tags$classGlib_1_1SignalProxyBase.html" title="Glib::SignalProxyBase" alt="" coords="5,174,157,198">
<area shape="rect" href="glibmm_doxygen_tags$classGlib_1_1SignalProxyNormal.html" title="Glib::SignalProxyNormal" alt="" coords="211,150,373,174">
<area shape="rect" href="glibmm_doxygen_tags$classGlib_1_1SignalProxyProperty.html" title="Glib::SignalProxyProperty" alt="" coords="207,198,377,222">
<area shape="rect" href="glibmm_doxygen_tags$classGlib_1_1SignalProxy0.html" title="Glib::SignalProxy0\&lt; R \&gt;" alt="" coords="499,6,661,30">
<area shape="rect" href="glibmm_doxygen_tags$classGlib_1_1SignalProxy1.html" title="Glib::SignalProxy1\&lt; R, P1 \&gt;" alt="" coords="487,54,673,78">
<area shape="rect" href="glibmm_doxygen_tags$classGlib_1_1SignalProxy2.html" title="Glib::SignalProxy2\&lt; R, P1, P2 \&gt;" alt="" coords="475,102,685,126">
<area shape="rect" href="glibmm_doxygen_tags$classGlib_1_1SignalProxy3.html" title="Glib::SignalProxy3\&lt; R, P1, P2, P3 \&gt;" alt="" coords="463,150,697,174">
<area shape="rect" href="glibmm_doxygen_tags$classGlib_1_1SignalProxy4.html" title="Glib::SignalProxy4\&lt; R, P1, P2, P3, P4 \&gt;" alt="" coords="451,198,709,222">
<area shape="rect" href="glibmm_doxygen_tags$classGlib_1_1SignalProxy5.html" title="Glib::SignalProxy5\&lt; R, P1, P2, P3, P4, P5 \&gt;" alt="" coords="439,246,721,270">
<area shape="rect" href="glibmm_doxygen_tags$classGlib_1_1SignalProxy6.html" title="Glib::SignalProxy6\&lt; R, P1, P2, P3, P4, P5, P6 \&gt;" alt="" coords="427,294,733,318">
